# S022 verdict 2: S097's multicut mate row re-derived on the candidate (58585f8, S246 on the revert 39841ed, with the node-level delta early-out in quiescence, QsDeltaEarlyOut 1), 2026-09-29, because tools/mutation_check.py --only E21 on a fixture of the candidate (4864cca) scored E21_multicut_mate_band_gate_dropped killed by S243's direct case alone, where on 58585f8 it had two killers -- the sign DEV_MANUAL.md's row for this golden names: S131's row, 7k/5p1p/p2p1N2/2p2P2/4P3/1r3n1P/3K2R1/6R1 w - - 2 42, stopped separating. adocs/data/S097_mine_mate_row.py stages 2 to 6, the witness and the pick in both modes (DEC-238); stage 1 not re-run (the 269 candidates of adocs/data/S097_candidates.tsv and their oracle did not move; the FEN list is identical to verdict 1's).
# Cells are depth 11..14, each mate:nodes:ms as the miner prints them; ms was taken on a lightly loaded machine, niced, and is not a timing claim.

## driver
# Tue Sep 29 07:56:08 AM CEST 2026 worktree 58585f8 + working tree [11 paths], load 1.02 1.40 1.71
# miner sha256 775e40e2e5465866
# pre 4864cca src vs worktree: [0 differing]; e21 4864cca  1 file changed, 1 insertion(+), 1 deletion(-)
269 candidates -> /home/max/ws/chesso/.tuning/coord/S022_v2_remine/mine_candidates.fen
# candidates identical to verdict 1's list
STAGE shipped exit 0 08:05:47
STAGE open exit 0 08:05:50
STAGE separators exit 0 08:05:50
STAGE fires_guard exit 0 08:05:53
STAGE fires_rule exit 0 08:05:56
STAGE pick_guard exit 0 08:05:56
STAGE pick_rule exit 0 08:05:56
S022V2-MINE-GUARD-DONE Tue Sep 29 08:05:56 AM CEST 2026

## separators
$ nice -n 19 /home/max/.venv/chess/bin/python adocs/data/S097_mine_mate_row.py separators --shipped /home/max/ws/chesso/.tuning/coord/S022_v2_remine/mine_shipped.txt --open /home/max/ws/chesso/.tuning/coord/S022_v2_remine/mine_open.txt --out /home/max/ws/chesso/.tuning/coord/S022_v2_remine/mine_separators.fen
1 of 269 candidates separate the two sweeps -> /home/max/ws/chesso/.tuning/coord/S022_v2_remine/mine_separators.fen

## fires_guard
$ nice -n 19 /home/max/.venv/chess/bin/python adocs/data/S097_mine_mate_row.py fires --mode guard --fens /home/max/ws/chesso/.tuning/coord/S022_v2_remine/mine_separators.fen --lib /home/max/ws/chesso-s022v2/.ref-builds/e21/build-tune/src/libchesso_engine.a --out /home/max/ws/chesso/.tuning/coord/S022_v2_remine/mine_fires_guard.txt --fens-out /home/max/ws/chesso/.tuning/coord/S022_v2_remine/mine_fires_guard.fen
guard mode (DEC-238): the mutant's multicut changes the tree on 1 of 1 positions in 2 s -> /home/max/ws/chesso/.tuning/coord/S022_v2_remine/mine_fires_guard.txt, /home/max/ws/chesso/.tuning/coord/S022_v2_remine/mine_fires_guard.fen

## fires_rule
$ nice -n 19 /home/max/.venv/chess/bin/python adocs/data/S097_mine_mate_row.py fires --fens /home/max/ws/chesso/.tuning/coord/S022_v2_remine/mine_separators.fen --lib /home/max/ws/chesso-s022v2/.ref-builds/pre/build-tune/src/libchesso_engine.a --out /home/max/ws/chesso/.tuning/coord/S022_v2_remine/mine_fires_rule.txt --fens-out /home/max/ws/chesso/.tuning/coord/S022_v2_remine/mine_fires_rule.fen
the multicut changes the tree on 1 of 1 positions in 2 s -> /home/max/ws/chesso/.tuning/coord/S022_v2_remine/mine_fires_rule.txt, /home/max/ws/chesso/.tuning/coord/S022_v2_remine/mine_fires_rule.fen

## pick_guard
$ nice -n 19 /home/max/.venv/chess/bin/python adocs/data/S097_mine_mate_row.py pick --mode guard --shipped /home/max/ws/chesso/.tuning/coord/S022_v2_remine/mine_shipped.txt --open /home/max/ws/chesso/.tuning/coord/S022_v2_remine/mine_open.txt --fires /home/max/ws/chesso/.tuning/coord/S022_v2_remine/mine_fires_guard.txt
  d14	#5	run 2	6580581 nodes	773 ms	shipped [d13 d14]	open [d13]	mutant fires [d12 d13 d14]	4N3/8/3P1ppk/4p2p/4P2P/1n1P2P1/Q4PK1/3q4 w - - 5 46

take: 4N3/8/3P1ppk/4p2p/4P2P/1n1P2P1/Q4PK1/3q4 w - - 5 46
  depth 14, mate in 5, shipped [d13 d14], guard dropped [d13], 6580581 nodes, 773 ms
  witness: guard mode (DEC-238), the rule firing on the mutant's build at [d12 d13 d14]

## pick_rule
$ nice -n 19 /home/max/.venv/chess/bin/python adocs/data/S097_mine_mate_row.py pick --shipped /home/max/ws/chesso/.tuning/coord/S022_v2_remine/mine_shipped.txt --open /home/max/ws/chesso/.tuning/coord/S022_v2_remine/mine_open.txt --fires /home/max/ws/chesso/.tuning/coord/S022_v2_remine/mine_fires_rule.txt
  d14	#5	run 2	6580581 nodes	773 ms	shipped [d13 d14]	open [d13]	fires [d13 d14]	4N3/8/3P1ppk/4p2p/4P2P/1n1P2P1/Q4PK1/3q4 w - - 5 46

take: 4N3/8/3P1ppk/4p2p/4P2P/1n1P2P1/Q4PK1/3q4 w - - 5 46
  depth 14, mate in 5, shipped [d13 d14], guard dropped [d13], 6580581 nodes, 773 ms

## the separator's cells and S131's row's cells, both sweeps
shipped -:274969:41 -:360428:59 m5:2427284:281 m5:6580581:773 	4N3/8/3P1ppk/4p2p/4P2P/1n1P2P1/Q4PK1/3q4 w - - 5 46
open    -:274969:44 -:362712:70 m5:2396850:314 -:1891071:273 	4N3/8/3P1ppk/4p2p/4P2P/1n1P2P1/Q4PK1/3q4 w - - 5 46
shipped m6:222205:28 m6:356871:51 m6:885318:120 m6:1379516:197 	7k/5p1p/p2p1N2/2p2P2/4P3/1r3n1P/3K2R1/6R1 w - - 2 42
open    m6:222205:26 m6:356871:47 m6:873490:123 m6:1379516:204 	7k/5p1p/p2p1N2/2p2P2/4P3/1r3n1P/3K2R1/6R1 w - - 2 42

## the oracle (S230's line_facts, one fresh stockfish per position at depth 20) and python-chess's reading of the root
4N3/8/3P1ppk/4p2p/4P2P/1n1P2P1/Q4PK1/3q4 w - - 5 46
  python-chess: is_valid True, is_check False, 23 legal moves, 2 captures, 0 promotions; side to move White
  stockfish depth 20 (fresh process): #+5 for White in 7918 nodes, depth 20, pv Qa7 Qf3+ Kg1 Qd1+ Kh2 Qh1+ Kxh1 g5 Qg7#
7k/5p1p/p2p1N2/2p2P2/4P3/1r3n1P/3K2R1/6R1 w - - 2 42
  python-chess: is_valid True, is_check True, 4 legal moves, 0 captures, 0 promotions; side to move White
  stockfish depth 20 (fresh process): #+6 for White in 8285 nodes, depth 20, pv Kc1 Rc3+ Kb2 Ng5 Rxg5 Rb3+ Kxb3 c4+ Kc3 a5 Rg8#

## red under E21 and green shipped, observed
# S022 v2: the re-mined multicut row, observed red under E21 and green shipped, Tue Sep 29 08:09:41 AM CEST 2026
## E21 applied (.ref-builds/e21 at 4864cca + E21 + the worktree's tests/test_search.cpp)
 src/search.cpp        |  2 +-
 tests/test_search.cpp | 46 ++++++++++++++++++++++++++++++++++++++++++----
 2 files changed, 43 insertions(+), 5 deletions(-)
/home/max/ws/chesso-s022v2/.ref-builds/e21/tests/test_search.cpp:4489:
TEST SUITE: search: draws
TEST CASE:  pruning does not hide a forced mate

/home/max/ws/chesso-s022v2/.ref-builds/e21/tests/test_search.cpp:4838: FATAL ERROR: REQUIRE( result.mate_found ) is NOT correct!
  values: REQUIRE( false )
  logged: mate the multicut hides, depth 14

===============================================================================
[doctest] test cases:  1 |  0 passed | 1 failed | 186 skipped
[doctest] assertions: 41 | 40 passed | 1 failed |
[doctest] Status: FAILURE!
## shipped (the worktree, 58585f8 + this change)
===============================================================================
[doctest] test cases:  1 |  1 passed | 0 failed | 186 skipped
[doctest] assertions: 57 | 57 passed | 0 failed |
[doctest] Status: SUCCESS!
