# S114 verdict 1: S097's multicut mate row re-derived on the candidate (6e8bc63 + the null move's static-score term at NullMoveEvalCap 8, NullMoveEvalGate 0, base 3, divisor 6; snapshot 3193b6b), 2026-09-29, because the shipped build no longer reported S097's row's mate at depth 14 (the fast suite red at "mate the multicut hides, depth 14"). Stages 2 to 6 of adocs/data/S097_mine_mate_row.py, guard mode (DEC-238) and default mode; stage 1 not re-run.
# Cells are depth 11..14, each mate:nodes:ms as the miner prints them; ms was taken niced beside S022 v2's SPRT and is not a timing claim.

## driver
# Tue Sep 29 01:38:52 PM CEST 2026 worktree 6e8bc63 + working tree [8 paths], load 16.76 16.71 16.14
# miner sha256 775e40e2e5465866
# pre 3193b6b src vs worktree: [0 differing]; e21 3193b6b  1 file changed, 1 insertion(+), 1 deletion(-)
269 candidates -> /home/max/ws/chesso/.tuning/coord/S114_remine/mine_candidates.fen
# candidates identical to S022 v2's list
STAGE shipped exit 0 14:06:37
STAGE open exit 0 14:06:51
STAGE separators exit 0 14:06:51
STAGE fires_guard exit 0 14:07:19
STAGE fires_rule exit 0 14:08:05
STAGE pick_guard exit 0 14:08:05
STAGE pick_rule exit 0 14:08:05
S114-MINE-GUARD-DONE Tue Sep 29 02:08:05 PM CEST 2026

## separators
$ nice -n 19 /home/max/.venv/chess/bin/python adocs/data/S097_mine_mate_row.py separators --shipped /home/max/ws/chesso/.tuning/coord/S114_remine/mine_shipped.txt --open /home/max/ws/chesso/.tuning/coord/S114_remine/mine_open.txt --out /home/max/ws/chesso/.tuning/coord/S114_remine/mine_separators.fen
2 of 269 candidates separate the two sweeps -> /home/max/ws/chesso/.tuning/coord/S114_remine/mine_separators.fen

## fires_guard
$ nice -n 19 /home/max/.venv/chess/bin/python adocs/data/S097_mine_mate_row.py fires --mode guard --fens /home/max/ws/chesso/.tuning/coord/S114_remine/mine_separators.fen --lib /home/max/ws/chesso-s114/.ref-builds/e21/build-tune/src/libchesso_engine.a --out /home/max/ws/chesso/.tuning/coord/S114_remine/mine_fires_guard.txt --fens-out /home/max/ws/chesso/.tuning/coord/S114_remine/mine_fires_guard.fen
guard mode (DEC-238): the mutant's multicut changes the tree on 2 of 2 positions in 26 s -> /home/max/ws/chesso/.tuning/coord/S114_remine/mine_fires_guard.txt, /home/max/ws/chesso/.tuning/coord/S114_remine/mine_fires_guard.fen

## fires_rule
$ nice -n 19 /home/max/.venv/chess/bin/python adocs/data/S097_mine_mate_row.py fires --fens /home/max/ws/chesso/.tuning/coord/S114_remine/mine_separators.fen --lib /home/max/ws/chesso-s114/.ref-builds/pre/build-tune/src/libchesso_engine.a --out /home/max/ws/chesso/.tuning/coord/S114_remine/mine_fires_rule.txt --fens-out /home/max/ws/chesso/.tuning/coord/S114_remine/mine_fires_rule.fen
the multicut changes the tree on 2 of 2 positions in 43 s -> /home/max/ws/chesso/.tuning/coord/S114_remine/mine_fires_rule.txt, /home/max/ws/chesso/.tuning/coord/S114_remine/mine_fires_rule.fen

## pick_guard
$ nice -n 19 /home/max/.venv/chess/bin/python adocs/data/S097_mine_mate_row.py pick --mode guard --shipped /home/max/ws/chesso/.tuning/coord/S114_remine/mine_shipped.txt --open /home/max/ws/chesso/.tuning/coord/S114_remine/mine_open.txt --fires /home/max/ws/chesso/.tuning/coord/S114_remine/mine_fires_guard.txt
  distance moved, not taken by the rule: d14 #6 -> #7	6k1/1b5p/pP3B2/2R5/2P1qb1p/1P3pP1/3r1P1P/5QK1 b - - 7 41
  d14	#5	run 2	1042946 nodes	487 ms	shipped [d11 d13 d14]	open [d11 d13]	mutant fires [d13 d14]	1R6/8/2p3p1/P5P1/1p2b2P/4k3/6pK/8 b - - 1 54

take: 1R6/8/2p3p1/P5P1/1p2b2P/4k3/6pK/8 b - - 1 54
  depth 14, mate in 5, shipped [d11 d13 d14], guard dropped [d11 d13], 1042946 nodes, 487 ms
  witness: guard mode (DEC-238), the rule firing on the mutant's build at [d13 d14]

## pick_rule
$ nice -n 19 /home/max/.venv/chess/bin/python adocs/data/S097_mine_mate_row.py pick --shipped /home/max/ws/chesso/.tuning/coord/S114_remine/mine_shipped.txt --open /home/max/ws/chesso/.tuning/coord/S114_remine/mine_open.txt --fires /home/max/ws/chesso/.tuning/coord/S114_remine/mine_fires_rule.txt
  distance moved, not taken by the rule: d14 #6 -> #7	6k1/1b5p/pP3B2/2R5/2P1qb1p/1P3pP1/3r1P1P/5QK1 b - - 7 41
  d14	#5	run 2	1042946 nodes	487 ms	shipped [d11 d13 d14]	open [d11 d13]	fires [d13 d14]	1R6/8/2p3p1/P5P1/1p2b2P/4k3/6pK/8 b - - 1 54

take: 1R6/8/2p3p1/P5P1/1p2b2P/4k3/6pK/8 b - - 1 54
  depth 14, mate in 5, shipped [d11 d13 d14], guard dropped [d11 d13], 1042946 nodes, 487 ms

## the separators' cells and S097's row's cells, both sweeps
shipped m5:150051:164 -:141467:104 m5:1029631:279 m5:1042946:487 	1R6/8/2p3p1/P5P1/1p2b2P/4k3/6pK/8 b - - 1 54
open    m5:150051:104 -:141467:50 m5:1029631:301 -:997318:298 	1R6/8/2p3p1/P5P1/1p2b2P/4k3/6pK/8 b - - 1 54
shipped -:313459:104 -:777922:282 m8:26436092:7998 m6:17230596:4755 	6k1/1b5p/pP3B2/2R5/2P1qb1p/1P3pP1/3r1P1P/5QK1 b - - 7 41
open    -:313459:126 -:777922:202 m8:26436092:8121 m7:21098638:5869 	6k1/1b5p/pP3B2/2R5/2P1qb1p/1P3pP1/3r1P1P/5QK1 b - - 7 41
shipped -:194479:56 -:551243:213 -:1406328:727 -:1378163:392 	4N3/8/3P1ppk/4p2p/4P2P/1n1P2P1/Q4PK1/3q4 w - - 5 46
open    -:194479:58 -:518798:166 -:1129936:477 -:1378154:483 	4N3/8/3P1ppk/4p2p/4P2P/1n1P2P1/Q4PK1/3q4 w - - 5 46

## the oracle (one fresh stockfish at depth 20 through python-chess) and python-chess's reading of the root
1R6/8/2p3p1/P5P1/1p2b2P/4k3/6pK/8 b - - 1 54
  python-chess: is_valid True, is_check False, 19 legal moves, 0 captures, 4 promotions; side to move Black
  stockfish depth 20 (fresh process): #+5 for Black in 4586 nodes, depth 20, pv Kf2 Rf8+ Bf5 Rxf5+ gxf5 Kh3 g1=Q a6 Qh1#

## red under E21 and green shipped, observed
# S114: the re-mined multicut row, observed red under E21 and green shipped, Tue Sep 29 02:22:44 PM CEST 2026
## E21 applied (.ref-builds/e21 at 3193b6b + E21 + the worktree tests/test_search.cpp)
 src/search.cpp        |   2 +-
 tests/test_search.cpp | 435 ++++++++++++++++++++++++++++++++++++++++++++++++--
 2 files changed, 421 insertions(+), 16 deletions(-)
build exit 0
===============================================================================
/home/max/ws/chesso-s114/.ref-builds/e21/tests/test_search.cpp:4489:
TEST SUITE: search: draws
TEST CASE:  pruning does not hide a forced mate

/home/max/ws/chesso-s114/.ref-builds/e21/tests/test_search.cpp:4872: FATAL ERROR: REQUIRE( result.mate_found ) is NOT correct!
  values: REQUIRE( false )
  logged: mate the multicut hides, depth 14

===============================================================================
[doctest] test cases:  1 |  0 passed | 1 failed | 192 skipped
[doctest] assertions: 41 | 40 passed | 1 failed |
[doctest] Status: FAILURE!
## shipped (the worktree, 6e8bc63 + this change)
===============================================================================
[doctest] test cases:  1 |  1 passed | 0 failed | 192 skipped
[doctest] assertions: 57 | 57 passed | 0 failed |
[doctest] Status: SUCCESS!
RED-E21-DONE Tue Sep 29 02:23:42 PM CEST 2026
