S168, 2026-09-01. Building the second and third motifs: what each run measured.

MacBook, Apple M1, stockfish dev-20260803-762dd1da, python-chess 1.11.2 on
python 3.9.6. Every run below is
  ~/.venv/chess/bin/python adocs/data/S145_mate_set.py generate --only <families>
and the rows it did not name were carried through from the tracked file.

=== 1. The candidate probe, before anything was written into the set ===

Four walls and forces, one family each at the tracked seed and the tracked
6000-try budget, run through S145_mate_set.sample() from a throwaway driver.
'pocket' is BASE_WALL plus h7 (defender pawn) and h6 (attacker pawn).

  knights_bare: 946 placements past the cheap filter, 9 proposed, none accepted
  knights_bare: 94.2 s

  knights_pocket: 1013 placements past the cheap filter, 11 proposed, mate 3 x2, mate 4 x1, mate 5 x1 accepted
  knights_pocket: 138.8 s
ROW	knights_pocket	rbrbk3/p1p1p2p/P1P1P2P/6N1/7N/8/2K5/8 w - - 0 1	3	1020	h4g6
ROW	knights_pocket	rbrbk3/p1p1p2p/P1P1P2P/K3N1N1/8/8/8/8 w - - 0 1	3	1020	e5g6
ROW	knights_pocket	rbrbk2K/p1p1p2p/P1P1P2P/8/5N2/8/4N3/8 w - - 0 1	4	1020	f4g6
ROW	knights_pocket	rbrb4/p1p1p2p/P1P1P2P/3N4/8/6K1/7N/7k w - - 0 1	5	1020	d5f4

  rook_pocket: 519 placements past the cheap filter, 27 proposed, mate 2 x2, mate 3 x2, mate 4 x2, mate 5 x2 accepted
  rook_pocket: 79.6 s
ROW	rook_pocket	rbrb1k2/p1p1p2p/P1P1P2P/8/7K/8/8/2R5 w - - 0 1	2	1160	c1g1
ROW	rook_pocket	rbrb1k2/p1p1p2p/P1P1P2P/7K/8/8/6R1/8 w - - 0 1	2	1160	h5h4
ROW	rook_pocket	rbrb3k/p1p1p2p/P1P1P2P/R7/2K5/8/8/8 w - - 0 1	3	1160	a5h5
ROW	rook_pocket	rbrbk3/p1p1p2p/P1P1P2P/R7/8/2K5/8/8 w - - 0 1	3	1160	a5h5
ROW	rook_pocket	rbrb4/p1p1p2p/P1P1P2P/8/4R2K/8/7k/8 w - - 0 1	4	1160	e4g4
ROW	rook_pocket	rbrb4/p1p1p2p/P1P1P2P/R7/8/8/8/4K1k1 w - - 0 1	4	1160	a5a2
ROW	rook_pocket	rbrb4/p1p1p2p/P1P1P2P/8/8/8/3RK3/k7 w - - 0 1	5	1160	e2d3
ROW	rook_pocket	rbrb4/p1p1p2p/P1P1P2P/2K5/5R2/8/8/k7 w - - 0 1	5	1160	c5b4

  rook_bare: 172 placements past the cheap filter, 16 proposed, mate 2 x2, mate 3 x2, mate 4 x2, mate 5 x2 accepted
  rook_bare: 52.5 s
ROW	rook_bare	rbrb4/p1p1p3/PRP1P3/k1K5/8/8/8/8 w - - 0 1	2	1160	b6b4
ROW	rook_bare	rbrb4/p1p1p3/P1P1P3/6R1/8/5K2/8/7k w - - 0 1	2	1160	f3f2
ROW	rook_bare	rbrb4/p1p1p3/P1P1P3/k7/2K5/7R/8/8 w - - 0 1	3	1160	c4c5
ROW	rook_bare	rbrbk3/p1p1p3/P1P1P3/R7/8/8/8/6K1 w - - 0 1	3	1160	a5h5
ROW	rook_bare	rbrb4/p1p1p3/PRP1P3/8/K7/8/k7/8 w - - 0 1	4	1160	b6b5
ROW	rook_bare	rbrb4/p1p1p3/P1P1P3/7R/8/8/8/1k1K4 w - - 0 1	4	1160	h5h2
ROW	rook_bare	rbrb4/p1p1p3/P1P1P3/8/8/8/3K1R2/7k w - - 0 1	5	1160	f2e2
ROW	rook_bare	rbrb4/p1p1p3/P1P1P3/1K6/8/7R/8/k7 w - - 0 1	5	1160	h3b3

PROBE-DONE

=== 2. First generation, knight and backrank, before the mating piece was
       enforced. 46 rows, and 12 of the 14 knight rows were pawn mates ===

48 rows kept from S145_mate_set.tsv; regenerating knight, backrank

  knight0: 1001 placements past the cheap filter, 10 proposed, mate 3 x2, mate 5 x1 accepted
  knight0_black: 988 placements past the cheap filter, 14 proposed, mate 3 x2, mate 4 x1 accepted
  knight0_flip: 981 placements past the cheap filter, 10 proposed, mate 3 x2, mate 4 x1 accepted
  knight0_flip_black: 1013 placements past the cheap filter, 15 proposed, mate 2 x2, mate 3 x2, mate 4 x1 accepted
  backrank0: 323 placements past the cheap filter, 24 proposed, mate 2 x2, mate 3 x2, mate 4 x2, mate 5 x2 accepted
  backrank0_black: 129 placements past the cheap filter, 15 proposed, mate 2 x2, mate 3 x2, mate 4 x2, mate 5 x2 accepted
  backrank0_flip: 388 placements past the cheap filter, 26 proposed, mate 2 x2, mate 3 x2, mate 4 x2, mate 5 x2 accepted
  backrank0_flip_black: 169 placements past the cheap filter, 17 proposed, mate 2 x2, mate 3 x2, mate 4 x2, mate 5 x2 accepted

94 positions written to /Users/max/ws/chesso/adocs/data/S145_mate_set.tsv
  mate in 2: 26, defender nodes at plies 1
  mate in 3: 32, defender nodes at plies 1, 3
  mate in 4: 19, defender nodes at plies 1, 3, 5
  mate in 5: 17, defender nodes at plies 1, 3, 5, 7
RUN-DONE

=== 3. The same families with 'no pawn may move anywhere on the line'.
       All four knight families accept nothing out of 113 proposals, because
       all fourteen of the rows above have pawn moves on their line ===

80 rows kept from S145_mate_set.tsv; regenerating knight

  knight0: 1001 placements past the cheap filter, 30 proposed, none accepted
  knight0_black: 988 placements past the cheap filter, 26 proposed, none accepted
  knight0_flip: 981 placements past the cheap filter, 24 proposed, none accepted
  knight0_flip_black: 1013 placements past the cheap filter, 33 proposed, none accepted

80 positions written to /Users/max/ws/chesso/adocs/data/S145_mate_set.tsv
  mate in 2: 24, defender nodes at plies 1
  mate in 3: 24, defender nodes at plies 1, 3
  mate in 4: 16, defender nodes at plies 1, 3, 5
  mate in 5: 16, defender nodes at plies 1, 3, 5, 7
RUN-DONE

=== 4. The shipped rule: the mating piece is enforced and no promotion may
       be available on the line. Two knight rows survive ===

80 rows kept from S145_mate_set.tsv; regenerating knight

  knight0: 1001 placements past the cheap filter, 30 proposed, none accepted
  knight0_black: 988 placements past the cheap filter, 26 proposed, none accepted
  knight0_flip: 981 placements past the cheap filter, 24 proposed, none accepted
  knight0_flip_black: 1013 placements past the cheap filter, 33 proposed, mate 2 x2 accepted

82 positions written to /Users/max/ws/chesso/adocs/data/S145_mate_set.tsv
  mate in 2: 26, defender nodes at plies 1
  mate in 3: 24, defender nodes at plies 1, 3
  mate in 4: 16, defender nodes at plies 1, 3, 5
  mate in 5: 16, defender nodes at plies 1, 3, 5, 7
RUN-DONE
